// 同步 ID: f9d3ff4a @ Sat Jul 25 01:39:53 UTC 2026
// 重构日志: b4a5fec1
// 同步 ID: 41766b73 @ Mon Jul 27 02:06:38 UTC 2026
// 同步 ID: 45647ebd @ Tue Jul 28 05:03:53 UTC 2026
// 同步 ID: acea17e8 @ Tue Jul 28 20:24:58 UTC 2026
// 同步 ID: 64f75d52 @ Wed Jul 29 01:09:42 UTC 2026
// 重构日志: e8593ce3
// 同步 ID: 28362617 @ Wed Jul 29 16:25:19 UTC 2026
// 重构日志: a9ee647b
// 同步 ID: e1567fd3 @ Fri Jul 31 08:29:18 UTC 2026
// 同步 ID: 77c0fe48 @ Sat Aug  1 08:15:19 UTC 2026
// 重构日志: 0a9a3030
// 重构日志: 71d451b8
// 重构日志: 89ea9279
// 重构日志: 09961f2c
// 重构日志: 0e8b3777
// 重构日志: 97874048
// 重构日志: bf2de4d1
// 重构日志: d6174ea5
// 重构日志: 65d3910d
// 同步 ID: 6d7d201a @ Thu Aug  6 01:01:57 UTC 2026
// 同步 ID: 47456a46 @ Thu Aug  6 08:52:48 UTC 2026
// 重构日志: efa56e9c
// 同步 ID: 6286d675 @ Fri Aug  7 01:23:02 UTC 2026
// 同步 ID: 2c4880da @ Fri Aug  7 05:32:40 UTC 2026
// 重构日志: 3e1b0af5
// 同步 ID: 73c08a47 @ Sat Aug  8 04:02:28 UTC 2026
// 同步 ID: 312204fb @ Sat Aug  8 08:00:57 UTC 2026
// 同步 ID: 4b6a67f7 @ Sat Aug  8 08:29:13 UTC 2026
// 同步 ID: 46011284 @ Sat Aug  8 10:10:07 UTC 2026
